Godot Engine v4.6.1.stable.official.14d19694e - https://godotengine.org

[   0% ] first_scan_filesystem | Started 项目初始化 (5 steps)
[   0% ] first_scan_filesystem | 正在扫描文件结构……
[  16% ] first_scan_filesystem | 正在加载全局类名……
[  33% ] first_scan_filesystem | 正在校验 GDExtension……
[  50% ] first_scan_filesystem | 正在创建自动加载脚本……
[  66% ] first_scan_filesystem | 正在初始化插件……
[  83% ] first_scan_filesystem | 正在启动文件扫描……
[ DONE ] first_scan_filesystem

[   0% ] export | Started 正在为 macOS 导出 (3 steps)
[   0% ] export | 正在创建应用捆绑包
[  25% ] export | 正在制作 PKG
[   0% ] savepack | Started 打包中 (102 steps)
[   1% ] savepack | 保存文件：res://.godot/imported/cabinet.wav-3cb74f7828ecdacb2ae7df81c844199f.sample
[   1% ] savepack | 保存文件：res://assets/audio/cabinet.wav.import
[   4% ] savepack | 保存文件：res://.godot/imported/clap.wav-006d683560264091556e3222fdb90c1b.sample
[   4% ] savepack | 保存文件：res://assets/audio/clap.wav.import
[   8% ] savepack | 保存文件：res://.godot/imported/defeat.wav-2c373cdad262b5fb9203b05423989caa.sample
[   8% ] savepack | 保存文件：res://assets/audio/defeat.wav.import
[  12% ] savepack | 保存文件：res://.godot/imported/inspect.wav-8e5f3a9abbb4bd2dad91e018ac78d022.sample
[  12% ] savepack | 保存文件：res://assets/audio/inspect.wav.import
[  16% ] savepack | 保存文件：res://.godot/imported/pickup.wav-005c0482069dd16ebcd4cedd7f327134.sample
[  16% ] savepack | 保存文件：res://assets/audio/pickup.wav.import
[  20% ] savepack | 保存文件：res://.godot/imported/probe.wav-16253126eb571127e84618f20ef946b5.sample
[  20% ] savepack | 保存文件：res://assets/audio/probe.wav.import
[  24% ] savepack | 保存文件：res://.godot/imported/run.wav-477a540fcb2844770162f9f26c8e4709.sample
[  24% ] savepack | 保存文件：res://assets/audio/run.wav.import
[  27% ] savepack | 保存文件：res://.godot/imported/victory.wav-d893d32ad919f27e15cf04d35e288b78.sample
[  27% ] savepack | 保存文件：res://assets/audio/victory.wav.import
[  31% ] savepack | 保存文件：res://.godot/imported/walk.wav-62491f165cdd264f2910915de7e0b7ea.sample
[  31% ] savepack | 保存文件：res://assets/audio/walk.wav.import
[  34% ] savepack | 保存文件：res://.godot/imported/windup.wav-53aaa13216de824fb81d53b90473dfca.sample
[  34% ] savepack | 保存文件：res://assets/audio/windup.wav.import
[  38% ] savepack | 保存文件：res://builds/macos/回声撤离 · Echo Escape.app/Contents/Resources/icon.icns
[  42% ] savepack | 保存文件：res://builds/v0.3-macos/回声撤离 · Echo Escape.app/Contents/Resources/icon.icns
[  46% ] savepack | 保存文件：res://config/gameplay.json
[  50% ] savepack | 保存文件：res://.godot/exported/133200997/export-3ad5c15c4f3250da0cc7c1af1770d85f-main.scn
[  53% ] savepack | 保存文件：res://scripts/acoustic_field.gdc
[  57% ] savepack | 保存文件：res://scripts/debug_grid.gdc
[  61% ] savepack | 保存文件：res://scripts/game_ui.gdc
[  65% ] savepack | 保存文件：res://scripts/hiding_system.gdc
[  68% ] savepack | 保存文件：res://scripts/level_builder.gdc
[  72% ] savepack | 保存文件：res://scripts/level_data.gdc
[  75% ] savepack | 保存文件：res://scripts/main.gdc
[  79% ] savepack | 保存文件：res://scripts/monster.gdc
[  83% ] savepack | 保存文件：res://scripts/objectives.gdc
[  87% ] savepack | 保存文件：res://scripts/player.gdc
[  91% ] savepack | 保存文件：res://scripts/sound_system.gdc
[  95% ] savepack | 保存文件：res://shaders/environment.gdshader
[  95% ] savepack | 保存文件：res://scenes/main.tscn.remap
[  95% ] savepack | 保存文件：res://scripts/acoustic_field.gd.remap
[  95% ] savepack | 保存文件：res://scripts/debug_grid.gd.remap
[  95% ] savepack | 保存文件：res://scripts/game_ui.gd.remap
[  95% ] savepack | 保存文件：res://scripts/hiding_system.gd.remap
[  95% ] savepack | 保存文件：res://scripts/level_builder.gd.remap
[  95% ] savepack | 保存文件：res://scripts/level_data.gd.remap
[  95% ] savepack | 保存文件：res://scripts/main.gd.remap
[  95% ] savepack | 保存文件：res://scripts/monster.gd.remap
[  95% ] savepack | 保存文件：res://scripts/objectives.gd.remap
[  95% ] savepack | 保存文件：res://scripts/player.gd.remap
[  95% ] savepack | 保存文件：res://scripts/sound_system.gd.remap
[  95% ] savepack | 保存文件：res://.godot/global_script_class_cache.cfg
[  95% ] savepack | 保存文件：res://.godot/uid_cache.bin
[  95% ] savepack | 保存文件：res://project.binary
[ DONE ] savepack

[  50% ] export | 正在对捆绑包进行代码签名
[  75% ] export | 正在制作 ZIP
[ DONE ] export
